// Jest Snapshot v1, https://goo.gl/fbAQLP

exports[`The default header component matches the snapshot 1`] = `
<div>
  <header>
    <nav
      class="relative flex w-full flex-wrap items-center justify-between bg-zinc-50 py-2 shadow-dark-mild dark:bg-neutral-700 lg:py-4"
      data-twe-navbar-ref="true"
    >
      <div
        class="flex w-full flex-wrap items-center justify-between px-3"
      >
        <div>
          <a
            class="mx-2 my-1 flex items-center lg:mb-0 lg:mt-0"
            href="#"
          >
            <img
              alt="Logo"
              data-nimg="1"
              decoding="async"
              height="35"
              loading="lazy"
              src="/_next/image?url=%2Fimg.jpg&w=96&q=75"
              srcset="/_next/image?url=%2Fimg.jpg&w=48&q=75 1x, /_next/image?url=%2Fimg.jpg&w=96&q=75 2x"
              style="color: transparent;"
              width="35"
            />
          </a>
        </div>
        <button
          aria-controls="navbarSupportedContent4"
          aria-expanded="false"
          aria-label="Toggle navigation"
          class="block border-0 bg-transparent px-2 text-black/50 hover:no-underline hover:shadow-none focus:no-underline focus:shadow-none focus:outline-none focus:ring-0 dark:text-neutral-200 lg:hidden"
          data-twe-collapse-init="true"
          data-twe-target="#navbarSupportedContent4"
          type="button"
        >
          <span
            class="[&>svg]:w-7 [&>svg]:stroke-black/50 dark:[&>svg]:stroke-neutral-200"
          >
            <svg
              fill="currentColor"
              viewBox="0 0 24 24"
              xmlns="http://www.w3.org/2000/svg"
            >
              <path
                clip-rule="evenodd"
                d="M3 6.75A.75.75 0 013.75 6h16.5a.75.75 0 010 1.5H3.75A.75.75 0 013 6.75zM3 12a.75.75 0 01.75-.75h16.5a.75.75 0 010 1.5H3.75A.75.75 0 013 12zm0 5.25a.75.75 0 01.75-.75h16.5a.75.75 0 010 1.5H3.75a.75.75 0 01-.75-.75z"
                fill-rule="evenodd"
              />
            </svg>
          </span>
        </button>
        <div
          class="!visible mt-2 hidden flex-grow basis-[100%] items-center lg:mt-0 lg:!flex lg:basis-auto"
          data-twe-collapse-item="true"
          id="navbarSupportedContent4"
        >
          <ul
            class="list-style-none me-auto flex flex-col ps-0 lg:mt-1 lg:flex-row"
            data-twe-navbar-nav-ref="true"
          >
            <li
              class="my-4 ps-2 lg:my-0 lg:pe-1 lg:ps-2"
              data-twe-nav-item-ref="true"
            >
              <a
                aria-current="page"
                class="text-black/60 transition duration-200 hover:text-black/80 hover:ease-in-out focus:text-black/80 active:text-black/80 motion-reduce:transition-none dark:text-white/60 dark:hover:text-white/80 dark:focus:text-white/80 dark:active:text-white/80 lg:px-2"
                data-twe-nav-link-ref="true"
                href="#"
              >
                OSU UREA
              </a>
            </li>
          </ul>
          <div
            class="flex items-center"
          >
            <a
              class="me-3 inline-block rounded px-2 pb-2 pt-2.5 text-xs font-medium uppercase leading-normal text-primary hover:text-primary-600 focus:text-primary-600 focus:outline-none focus:ring-0 active:text-primary-700 dark:text-secondary-600 dark:hover:text-secondary-500 dark:focus:text-secondary-500 dark:active:text-secondary-500"
              data-twe-ripple-color="light"
              data-twe-ripple-init="true"
              href="/"
              type="button"
            >
              Home
            </a>
            <a
              class="me-3 inline-block rounded px-2 pb-2 pt-2.5 text-xs font-medium uppercase leading-normal text-primary hover:text-primary-600 focus:text-primary-600 focus:outline-none focus:ring-0 active:text-primary-700 dark:text-secondary-600 dark:hover:text-secondary-500 dark:focus:text-secondary-500 dark:active:text-secondary-500"
              data-twe-ripple-color="light"
              data-twe-ripple-init="true"
              href="/mentors"
              type="button"
            >
              Mentors
            </a>
            <a
              class="me-3 inline-block rounded px-2 pb-2 pt-2.5 text-xs font-medium uppercase leading-normal text-primary hover:text-primary-600 focus:text-primary-600 focus:outline-none focus:ring-0 active:text-primary-700 dark:text-secondary-600 dark:hover:text-secondary-500 dark:focus:text-secondary-500 dark:active:text-secondary-500"
              data-twe-ripple-color="light"
              data-twe-ripple-init="true"
              href="/resources"
              type="button"
            >
              Resources
            </a>
            <a
              class="me-3 inline-block rounded px-2 pb-2 pt-2.5 text-xs font-medium uppercase leading-normal text-primary hover:text-primary-600 focus:text-primary-600 focus:outline-none focus:ring-0 active:text-primary-700 dark:text-secondary-600 dark:hover:text-secondary-500 dark:focus:text-secondary-500 dark:active:text-secondary-500"
              data-twe-ripple-color="light"
              data-twe-ripple-init="true"
              href="/apply"
              type="button"
            >
              Apply
            </a>
          </div>
        </div>
      </div>
    </nav>
  </header>
</div>
`;
