// Jest Snapshot v1, https://goo.gl/fbAQLP

exports[`The default mentor card component matches the snapshot 1`] = `
<div>
  <div
    class="bg-white shadow-md rounded-lg p-6"
  >
    <h2
      class="text-xl font-semibold"
    >
      Name: 
      Marison Bobson
    </h2>
    <p
      class="mt-2"
    >
      Major: 
      Electrical Engineering
    </p>
    <p
      class="mt-2"
    >
      Research Field: 
      Power Systems
    </p>
    <p
      class="mt-2"
    >
      Description of Research Field: 
      I am currently researching power systems.
    </p>
    <p
      class="mt-2"
    >
      Outlook Scheduling Calendar Link: 
      https://outlook.com/schedule/marybobson
    </p>
  </div>
</div>
`;
