// Jest Snapshot v1, https://goo.gl/fbAQLP

exports[`The default register form component matches the snapshot 1`] = `
<div>
  <div
    class="mx-auto block max-w-md rounded-lg bg-white p-6 shadow-4 dark:bg-surface-dark"
  >
    <form>
      <div
        class="grid grid-cols-2 gap-4"
      >
        <div
          class="relative mb-6"
          data-twe-input-wrapper-init="true"
        >
          <input
            aria-describedby="emailHelp123"
            class="peer block min-h-[auto] w-full rounded border-0 bg-transparent px-3 py-[0.32rem] leading-[1.6] outline-none transition-all duration-200 ease-linear focus:placeholder:opacity-100 peer-focus:text-primary data-[twe-input-state-active]:placeholder:opacity-100 motion-reduce:transition-none dark:text-white dark:placeholder:text-neutral-300 dark:autofill:shadow-autofill dark:peer-focus:text-primary [&:not([data-twe-input-placeholder-active])]:placeholder:opacity-0"
            id="firstName"
            placeholder="First name"
            required=""
            type="text"
          />
          <label
            class="pointer-events-none absolute left-3 top-0 mb-0 max-w-[90%] origin-[0_0] truncate pt-[0.37rem] leading-[1.6] text-neutral-500 transition-all duration-200 ease-out peer-focus:-translate-y-[0.9rem] peer-focus:scale-[0.8] peer-focus:text-primary peer-data-[twe-input-state-active]:-translate-y-[0.9rem] peer-data-[twe-input-state-active]:scale-[0.8] motion-reduce:transition-none dark:text-neutral-300 dark:peer-focus:text-primary"
            for="emailHelp123"
          >
            First name
          </label>
        </div>
        <div
          class="relative mb-6"
          data-twe-input-wrapper-init="true"
        >
          <input
            aria-describedby="emailHelp124"
            class="peer block min-h-[auto] w-full rounded border-0 bg-transparent px-3 py-[0.32rem] leading-[1.6] outline-none transition-all duration-200 ease-linear focus:placeholder:opacity-100 peer-focus:text-primary data-[twe-input-state-active]:placeholder:opacity-100 motion-reduce:transition-none dark:text-white dark:placeholder:text-neutral-300 dark:autofill:shadow-autofill dark:peer-focus:text-primary [&:not([data-twe-input-placeholder-active])]:placeholder:opacity-0"
            id="lastName"
            placeholder="Last name"
            required=""
            type="text"
          />
          <label
            class="pointer-events-none absolute left-3 top-0 mb-0 max-w-[90%] origin-[0_0] truncate pt-[0.37rem] leading-[1.6] text-neutral-500 transition-all duration-200 ease-out peer-focus:-translate-y-[0.9rem] peer-focus:scale-[0.8] peer-focus:text-primary peer-data-[twe-input-state-active]:-translate-y-[0.9rem] peer-data-[twe-input-state-active]:scale-[0.8] motion-reduce:transition-none dark:text-neutral-300 dark:peer-focus:text-primary"
            for="exampleInput124"
          >
            Last name
          </label>
        </div>
      </div>
      <div
        class="relative mb-6"
        data-twe-input-wrapper-init="true"
      >
        <input
          class="peer block min-h-[auto] w-full rounded border-0 bg-transparent px-3 py-[0.32rem] leading-[1.6] outline-none transition-all duration-200 ease-linear focus:placeholder:opacity-100 peer-focus:text-primary data-[twe-input-state-active]:placeholder:opacity-100 motion-reduce:transition-none dark:text-white dark:placeholder:text-neutral-300 dark:autofill:shadow-autofill dark:peer-focus:text-primary [&:not([data-twe-input-placeholder-active])]:placeholder:opacity-0"
          id="email"
          placeholder="Email address"
          required=""
          type="email"
        />
        <label
          class="pointer-events-none absolute left-3 top-0 mb-0 max-w-[90%] origin-[0_0] truncate pt-[0.37rem] leading-[1.6] text-neutral-500 transition-all duration-200 ease-out peer-focus:-translate-y-[0.9rem] peer-focus:scale-[0.8] peer-focus:text-primary peer-data-[twe-input-state-active]:-translate-y-[0.9rem] peer-data-[twe-input-state-active]:scale-[0.8] motion-reduce:transition-none dark:text-neutral-300 dark:peer-focus:text-primary"
          for="email"
        >
          Email address
        </label>
      </div>
      <div
        class="relative mb-6"
        data-twe-input-wrapper-init="true"
      >
        <input
          class="peer block min-h-[auto] w-full rounded border-0 bg-transparent px-3 py-[0.32rem] leading-[1.6] outline-none transition-all duration-200 ease-linear focus:placeholder:opacity-100 peer-focus:text-primary data-[twe-input-state-active]:placeholder:opacity-100 motion-reduce:transition-none dark:text-white dark:placeholder:text-neutral-300 dark:autofill:shadow-autofill dark:peer-focus:text-primary [&:not([data-twe-input-placeholder-active])]:placeholder:opacity-0"
          id="password"
          placeholder="Password"
          required=""
          type="password"
        />
        <label
          class="pointer-events-none absolute left-3 top-0 mb-0 max-w-[90%] origin-[0_0] truncate pt-[0.37rem] leading-[1.6] text-neutral-500 transition-all duration-200 ease-out peer-focus:-translate-y-[0.9rem] peer-focus:scale-[0.8] peer-focus:text-primary peer-data-[twe-input-state-active]:-translate-y-[0.9rem] peer-data-[twe-input-state-active]:scale-[0.8] motion-reduce:transition-none dark:text-neutral-300 dark:peer-focus:text-primary"
          for="password"
        >
          Password
        </label>
      </div>
      <div
        class="relative mb-6"
        data-twe-input-wrapper-init="true"
      >
        <input
          class="peer block min-h-[auto] w-full rounded border-0 bg-transparent px-3 py-[0.32rem] leading-[1.6] outline-none transition-all duration-200 ease-linear focus:placeholder:opacity-100 peer-focus:text-primary data-[twe-input-state-active]:placeholder:opacity-100 motion-reduce:transition-none dark:text-white dark:placeholder:text-neutral-300 dark:autofill:shadow-autofill dark:peer-focus:text-primary [&:not([data-twe-input-placeholder-active])]:placeholder:opacity-0"
          id="confirmPassword"
          placeholder="Confirm Password"
          required=""
          type="password"
        />
        <label
          class="pointer-events-none absolute left-3 top-0 mb-0 max-w-[90%] origin-[0_0] truncate pt-[0.37rem] leading-[1.6] text-neutral-500 transition-all duration-200 ease-out peer-focus:-translate-y-[0.9rem] peer-focus:scale-[0.8] peer-focus:text-primary peer-data-[twe-input-state-active]:-translate-y-[0.9rem] peer-data-[twe-input-state-active]:scale-[0.8] motion-reduce:transition-none dark:text-neutral-300 dark:peer-focus:text-primary"
          for="confirmPassword"
        >
          Confirm Password
        </label>
      </div>
      <div
        class="mb-6 flex items-center justify-between"
      >
        <div
          class="mb-[0.125rem] block min-h-[1.5rem] ps-[1.5rem]"
        >
          <input
            class="relative float-left -ms-[1.5rem] me-[6px] mt-[0.15rem] h-[1.125rem] w-[1.125rem] appearance-none rounded-[0.25rem] border-[0.125rem] border-solid border-secondary-500 outline-none before:pointer-events-none before:absolute before:h-[0.875rem] before:w-[0.875rem] before:scale-0 before:rounded-full before:bg-transparent before:opacity-0 before:shadow-checkbox before:shadow-transparent before:content-[''] checked:border-primary checked:bg-primary checked:before:opacity-[0.16] checked:after:absolute checked:after:-mt-px checked:after:ms-[0.25rem] checked:after:block checked:after:h-[0.8125rem] checked:after:w-[0.375rem] checked:after:rotate-45 checked:after:border-[0.125rem] checked:after:border-l-0 checked:after:border-t-0 checked:after:border-solid checked:after:border-white checked:after:bg-transparent checked:after:content-[''] hover:cursor-pointer hover:before:opacity-[0.04] hover:before:shadow-black/60 focus:shadow-none focus:transition-[border-color_0.2s] focus:before:scale-100 focus:before:opacity-[0.12] focus:before:shadow-black/60 focus:before:transition-[box-shadow_0.2s,transform_0.2s] focus:after:absolute focus:after:z-[1] focus:after:block focus:after:h-[0.875rem] focus:after:w-[0.875rem] focus:after:rounded-[0.125rem] focus:after:content-[''] checked:focus:before:scale-100 checked:focus:before:shadow-checkbox checked:focus:before:transition-[box-shadow_0.2s,transform_0.2s] checked:focus:after:-mt-px checked:focus:after:ms-[0.25rem] checked:focus:after:h-[0.8125rem] checked:focus:after:w-[0.375rem] checked:focus:after:rotate-45 checked:focus:after:rounded-none checked:focus:after:border-[0.125rem] checked:focus:after:border-l-0 checked:focus:after:border-t-0 checked:focus:after:border-solid checked:focus:after:border-white checked:focus:after:bg-transparent rtl:float-right dark:border-neutral-400 dark:checked:border-primary dark:checked:bg-primary"
            id="isMentor"
            type="checkbox"
            value=""
          />
          <label
            class="inline-block ps-[0.15rem] hover:cursor-pointer"
            for="isMentor"
          >
            Are you a mentor?
          </label>
        </div>
      </div>
      <button
        class="inline-block w-full rounded bg-primary px-6 pb-2 pt-2.5 text-xs font-medium uppercase leading-normal text-white shadow-primary-3 transition duration-150 ease-in-out hover:bg-primary-accent-300 hover:shadow-primary-2 focus:bg-primary-accent-300 focus:shadow-primary-2 focus:outline-none focus:ring-0 active:bg-primary-600 active:shadow-primary-2 dark:shadow-black/30 dark:hover:shadow-dark-strong dark:focus:shadow-dark-strong dark:active:shadow-dark-strong"
        data-twe-ripple-color="light"
        data-twe-ripple-init="true"
        type="button"
      >
        Sign up
      </button>
      <p
        class="mt-6 text-center"
      >
        Already have an account?
        <a
          class="text-primary focus:outline-none dark:text-primary-400"
          href="/signin"
        >
           
          Sign In
        </a>
      </p>
    </form>
  </div>
</div>
`;
