// Jest Snapshot v1, https://goo.gl/fbAQLP

exports[`The default application card component matches the snapshot 1`] = `
<div>
  <div
    class="bg-white shadow-md rounded-lg p-6"
  >
    <h2
      class="text-xl font-semibold"
    >
      Name: 
      John Doe
    </h2>
    <p
      class="mt-2"
    >
      type: 
      Undergraduate
    </p>
    <p
      class="mt-2"
    >
      Major: 
      Computer Science
    </p>
    <p
      class="mt-2"
    >
      Desired Research Field: 
      Computer Vision
    </p>
    <button
      class="inline-block rounded bg-primary px-6 pb-2 pt-2.5 text-xs font-medium uppercase leading-normal text-white shadow-primary-3 transition duration-150 ease-in-out hover:bg-primary-accent-300 hover:shadow-primary-2 focus:bg-primary-accent-300 focus:shadow-primary-2 focus:outline-none focus:ring-0 active:bg-primary-600 active:shadow-primary-2 motion-reduce:transition-none dark:shadow-black/30 dark:hover:shadow-dark-strong dark:focus:shadow-dark-strong dark:active:shadow-dark-strong"
      type="button"
    >
      Accept
    </button>
    <button
      class="inline-block rounded bg-primary px-6 pb-2 pt-2.5 text-xs font-medium uppercase leading-normal text-white shadow-primary-3 transition duration-150 ease-in-out hover:bg-primary-accent-300 hover:shadow-primary-2 focus:bg-primary-accent-300 focus:shadow-primary-2 focus:outline-none focus:ring-0 active:bg-primary-600 active:shadow-primary-2 motion-reduce:transition-none dark:shadow-black/30 dark:hover:shadow-dark-strong dark:focus:shadow-dark-strong dark:active:shadow-dark-strong"
      type="button"
    >
      Reject
    </button>
  </div>
</div>
`;
