// Jest Snapshot v1, https://goo.gl/fbAQLP

exports[`The default footer component matches the snapshot 1`] = `
<div>
  <footer
    class="bg-zinc-50 text-center dark:bg-neutral-700 lg:text-left"
  >
    <div
      class="bg-black/5 p-4 text-center text-surface dark:text-white"
    >
      Â© 2024 Copyright:
      <a
        href="https://usg.osu.edu/"
      >
         Undergraduate Student Government at The Ohio State University
      </a>
    </div>
  </footer>
</div>
`;
