// Jest Snapshot v1, https://goo.gl/fbAQLP

exports[`The RootLayout correctly renders children 1`] = `
<div>
  <html
    lang="en"
  >
    <body>
      <div>
        Test Child Text
      </div>
    </body>
  </html>
</div>
`;
